2025-07-03 10:49:37,156 - train - INFO - 🚀 SSOD YOLO MC 모델 검증 시작
2025-07-03 10:49:37,157 - train - INFO - 모델 경로: runs/train/yolov8m_label_p10.0/best_model.pt
2025-07-03 10:49:37,157 - train - INFO - 디바이스: cuda:0
2025-07-03 10:49:37,157 - train - INFO - 설정 파일: /media/oem/personal_vol/yklee/ssod_yolo_mc/src/configs/yolo_config.yaml
2025-07-03 10:49:39,660 - train - ERROR - ❌ 검증 데이터 로더 생성 실패로 검증을 중단합니다
2025-07-03 11:47:16,973 - train - INFO - 🚀 SSOD YOLO MC 모델 검증 시작
2025-07-03 11:47:16,977 - train - INFO - 모델 경로: runs/train/yolov8m_label_p10.0/best_model.pt
2025-07-03 11:47:16,977 - train - INFO - 디바이스: cuda:0
2025-07-03 11:47:16,977 - train - INFO - 설정 파일: /media/oem/personal_vol/yklee/ssod_yolo_mc/src/configs/yolo_config.yaml
2025-07-03 11:47:19,549 - train - ERROR - ❌ 검증 데이터 로더 생성 실패로 검증을 중단합니다
2025-07-03 11:48:29,112 - train - INFO - 🚀 SSOD YOLO MC 모델 검증 시작
2025-07-03 11:48:29,113 - train - INFO - 모델 경로: runs/train/yolov8m_label_p10.0/best_model.pt
2025-07-03 11:48:29,113 - train - INFO - 디바이스: cuda:0
2025-07-03 11:48:29,113 - train - INFO - 설정 파일: /media/oem/personal_vol/yklee/ssod_yolo_mc/src/configs/yolo_config.yaml
2025-07-03 11:48:30,503 - train - ERROR - ❌ 검증 데이터 로더 생성 실패로 검증을 중단합니다
2025-07-03 11:48:55,436 - train - INFO - 🚀 SSOD YOLO MC 모델 검증 시작
2025-07-03 11:48:55,436 - train - INFO - 모델 경로: runs/train/yolov8m_label_p10.0/best_model.pt
2025-07-03 11:48:55,436 - train - INFO - 디바이스: cuda:0
2025-07-03 11:48:55,436 - train - INFO - 설정 파일: /media/oem/personal_vol/yklee/ssod_yolo_mc/src/configs/yolo_config.yaml
2025-07-03 11:48:56,821 - train - ERROR - ❌ 검증 데이터 로더 생성 실패로 검증을 중단합니다
2025-07-03 11:51:22,449 - train - INFO - 🚀 SSOD YOLO MC 모델 검증 시작
2025-07-03 11:51:22,449 - train - INFO - 모델 경로: runs/train/yolov8m_label_p10.0/best_model.pt
2025-07-03 11:51:22,449 - train - INFO - 디바이스: cuda:0
2025-07-03 11:51:22,449 - train - INFO - 설정 파일: /media/oem/personal_vol/yklee/ssod_yolo_mc/src/configs/yolo_config.yaml
2025-07-03 11:51:23,857 - train - ERROR - ❌ 검증 데이터 로더 생성 실패로 검증을 중단합니다
2025-07-03 11:52:54,872 - train - INFO - 🚀 SSOD YOLO MC 모델 검증 시작
2025-07-03 11:52:54,873 - train - INFO - 모델 경로: runs/train/yolov8m_label_p10.0/best_model.pt
2025-07-03 11:52:54,873 - train - INFO - 디바이스: cuda:0
2025-07-03 11:52:54,873 - train - INFO - 설정 파일: /media/oem/personal_vol/yklee/ssod_yolo_mc/src/configs/yolo_config.yaml
2025-07-03 11:52:56,268 - train - ERROR - ❌ 검증 데이터 로더 생성 실패로 검증을 중단합니다
2025-07-03 11:53:40,410 - train - INFO - 🚀 SSOD YOLO MC 모델 검증 시작
2025-07-03 11:53:40,410 - train - INFO - 모델 경로: runs/train/yolov8m_label_p10.0/best_model.pt
2025-07-03 11:53:40,410 - train - INFO - 디바이스: cuda:0
2025-07-03 11:53:40,410 - train - INFO - 설정 파일: /media/oem/personal_vol/yklee/ssod_yolo_mc/src/configs/yolo_config.yaml
2025-07-03 11:53:41,779 - train - ERROR - ❌ 검증 데이터 로더 생성 실패로 검증을 중단합니다
2025-07-03 11:54:17,062 - train - INFO - 🚀 SSOD YOLO MC 모델 검증 시작
2025-07-03 11:54:17,062 - train - INFO - 모델 경로: runs/train/yolov8m_label_p10.0/best_model.pt
2025-07-03 11:54:17,062 - train - INFO - 디바이스: cuda:0
2025-07-03 11:54:17,062 - train - INFO - 설정 파일: /media/oem/personal_vol/yklee/ssod_yolo_mc/src/configs/yolo_config.yaml
2025-07-03 11:54:18,455 - train - ERROR - ❌ 검증 데이터 로더 생성 실패로 검증을 중단합니다
2025-07-03 11:54:47,478 - train - INFO - 🚀 SSOD YOLO MC 모델 검증 시작
2025-07-03 11:54:47,478 - train - INFO - 모델 경로: runs/train/yolov8m_label_p10.0/best_model.pt
2025-07-03 11:54:47,478 - train - INFO - 디바이스: cuda:0
2025-07-03 11:54:47,478 - train - INFO - 설정 파일: /media/oem/personal_vol/yklee/ssod_yolo_mc/src/configs/yolo_config.yaml
2025-07-03 11:54:50,926 - train - ERROR - ❌ 검증 데이터 로더 생성 실패로 검증을 중단합니다
2025-07-03 12:05:40,227 - train - INFO - 🚀 SSOD YOLO MC 모델 검증 시작
2025-07-03 12:05:40,228 - train - INFO - 모델 경로: runs/train/yolov8m_label_p10.0/best_model.pt
2025-07-03 12:05:40,228 - train - INFO - 디바이스: cuda:0
2025-07-03 12:05:40,228 - train - INFO - 설정 파일: /media/oem/personal_vol/yklee/ssod_yolo_mc/src/configs/yolo_config.yaml
2025-07-03 12:05:47,755 - train - ERROR - ❌ 검증 데이터 로더 생성 실패로 검증을 중단합니다
2025-07-03 12:06:51,141 - train - INFO - 🚀 SSOD YOLO MC 모델 검증 시작
2025-07-03 12:06:51,141 - train - INFO - 모델 경로: runs/train/yolov8m_label_p10.0/best_model.pt
2025-07-03 12:06:51,141 - train - INFO - 디바이스: cuda:0
2025-07-03 12:06:51,141 - train - INFO - 설정 파일: /media/oem/personal_vol/yklee/ssod_yolo_mc/src/configs/yolo_config.yaml
2025-07-03 12:07:05,035 - train - INFO - ================================================================================
2025-07-03 12:07:05,035 - train - INFO - 📊 최종 검증 결과 요약
2025-07-03 12:07:05,035 - train - INFO - ================================================================================
2025-07-03 12:07:05,035 - train - INFO - 🔍 커스텀 평가 결과:
2025-07-03 12:07:05,036 - train - INFO -   - Precision: 0.0000
2025-07-03 12:07:05,036 - train - INFO -   - Recall: 0.0000
2025-07-03 12:07:05,036 - train - INFO -   - F1-Score: 0.0000
2025-07-03 12:07:05,062 - train - INFO - ✓ 검증 결과가 저장되었습니다: validation_results/validation_results_best_model.yaml
2025-07-03 12:07:05,062 - train - INFO - ✅ 검증 완료
